
> alton-studio@0.1.0 prebuild
> npm run build:knowledge


> alton-studio@0.1.0 build:knowledge
> node scripts/generate-knowledge.js

generated knowledge entries: 290

> alton-studio@0.1.0 build
> next build

node.exe : [baseline-browser-mapping] The data in this module is over two months old.  To ensure accurate Baseline data, please update: `npm i baseline-browser-mapping@latest -D`
At line:1 char:1
+ & "C:\Program Files\nodejs/node.exe" "C:\Program Files\nodejs/node_mo ...
+ ~~~~~~~~~~~~~~~~~~~~~~~~~~~~~~~~~~~~~~~~~~~~~~~~~~~~~~~~~~~~~~~~~~~~~
    + CategoryInfo          : NotSpecified: ([baseline-brows...ping@latest -D`:String) [], RemoteException
    + FullyQualifiedErrorId : NativeCommandError
 
   Γû▓ Next.js 16.0.3 (Turbopack)
   - Environments: .env.local

 ΓÜá The "middleware" file convention is deprecated. Please use "proxy" instead. Learn more: https://nextjs.org/docs/messages/middleware-to-proxy
   Creating an optimized production build ...
[baseline-browser-mapping] The data in this module is over two months old.  To ensure accurate Baseline data, please update: `npm i baseline-browser-mapping@latest -D`
 Γ£ô Compiled successfully in 41s
   Running TypeScript ...
Failed to compile.

./src/app/printer/dashboard/page.tsx:435:25
Type error: Property 'id' does not exist on type 'never'.

[0m [90m 433 |[39m   [90m// Subscribe to real-time quote message updates for printer[39m
 [90m 434 |[39m   useEffect(() [33m=>[39m {
[31m[1m>[22m[39m[90m 435 |[39m     [36mif[39m ([33m![39mselectedQuote[33m?[39m[33m.[39mid) [36mreturn[39m[33m;[39m
 [90m     |[39m                         [31m[1m^[22m[39m
 [90m 436 |[39m
 [90m 437 |[39m     [90m// Initial fetch[39m
 [90m 438 |[39m     fetchQuoteMessages(selectedQuote[33m.[39mid)[33m;[39m[0m
Next.js build worker exited with code: 1 and signal: null
